// Jest Snapshot v1, https://goo.gl/fbAQLP

exports[`FieldInput Component should render correctly 1`] = `
<div>
  <Label
    className=""
  />
  <FormikConnect(FieldInner)
    component="select"
    render={[Function]}
  />
  <FormikConnect(ErrorMessageImpl)
    component={[Function]}
  />
</div>
`;
