// Jest Snapshot v1, https://goo.gl/fbAQLP

exports[`FieldTextarea Component should render correctly 1`] = `
<div
  className=""
>
  <Label
    className=""
  />
  <FormikConnect(FieldInner)
    render={[Function]}
  />
  <FormikConnect(ErrorMessageImpl)
    component={[Function]}
  />
</div>
`;
